
Allocating common symbols
Common symbol       size              file

bss_var             0x1               main.o

Memory Configuration

Name             Origin             Length             Attributes
flash            0x08000000         0x00020000         xr
sram             0x20000000         0x00005000         xrw
*default*        0x00000000         0xffffffff

Linker script and memory map


.text           0x08000000      0x184
 *(.vectors*)
 .vectors       0x08000000       0x1c startup.o
                0x08000000                vectors
 *(.text*)
 .text          0x0800001c       0xa8 main.o
                0x0800001c                main
 .text          0x080000c4       0xbc startup.o
                0x080000c4                Reset_Handler
                0x08000174                UsageFault_Handler
                0x08000174                MemoryManage_Handler
                0x08000174                NMI_Handler
                0x08000174                Default_Handler
                0x08000174                BusFault_Handler
                0x08000174                HardFault_Handler
 *(.rodata)
 .rodata        0x08000180        0x4 main.o
                0x08000180                rodata_var
                0x08000184                _E_text = .

.glue_7         0x08000184        0x0
 .glue_7        0x00000000        0x0 linker stubs

.glue_7t        0x08000184        0x0
 .glue_7t       0x00000000        0x0 linker stubs

.vfp11_veneer   0x08000184        0x0
 .vfp11_veneer  0x00000000        0x0 linker stubs

.v4_bx          0x08000184        0x0
 .v4_bx         0x00000000        0x0 linker stubs

.iplt           0x08000184        0x0
 .iplt          0x00000000        0x0 main.o

.rel.dyn        0x08000184        0x0
 .rel.iplt      0x00000000        0x0 main.o

.data           0x20000000        0x8 load address 0x08000184
                0x20000000                _S_data = .
 *(.data*)
 .data          0x20000000        0x8 main.o
                0x20000000                ODR_R
                0x20000004                G_var
 .data          0x20000008        0x0 startup.o
                0x20000008                _E_data = .

.igot.plt       0x20000008        0x0 load address 0x0800018c
 .igot.plt      0x00000000        0x0 main.o

.bss            0x20000008        0x1 load address 0x0800018c
                0x20000008                _S_bss = .
 *(.bss*)
 .bss           0x20000008        0x0 main.o
 .bss           0x20000008        0x0 startup.o
                0x20000008                _E_bss = .
                0x20000008                . = ALIGN (0x4)
                0x20001008                _stack_top = (. + 0x1000)
 COMMON         0x20000008        0x1 main.o
                0x20000008                bss_var
LOAD main.o
LOAD startup.o
OUTPUT(Lab2.elf elf32-littlearm)

.debug_info     0x00000000      0x2e8
 .debug_info    0x00000000      0x17b main.o
 .debug_info    0x0000017b      0x16d startup.o

.debug_abbrev   0x00000000      0x1a7
 .debug_abbrev  0x00000000       0xe3 main.o
 .debug_abbrev  0x000000e3       0xc4 startup.o

.debug_loc      0x00000000       0x9c
 .debug_loc     0x00000000       0x38 main.o
 .debug_loc     0x00000038       0x64 startup.o

.debug_aranges  0x00000000       0x40
 .debug_aranges
                0x00000000       0x20 main.o
 .debug_aranges
                0x00000020       0x20 startup.o

.debug_line     0x00000000       0xe9
 .debug_line    0x00000000       0x6c main.o
 .debug_line    0x0000006c       0x7d startup.o

.debug_str      0x00000000      0x16d
 .debug_str     0x00000000       0xed main.o
                                0x10b (size before relaxing)
 .debug_str     0x000000ed       0x80 startup.o
                                0x13c (size before relaxing)

.comment        0x00000000       0x11
 .comment       0x00000000       0x11 main.o
                                 0x12 (size before relaxing)
 .comment       0x00000000       0x12 startup.o

.ARM.attributes
                0x00000000       0x33
 .ARM.attributes
                0x00000000       0x33 main.o
 .ARM.attributes
                0x00000033       0x33 startup.o

.debug_frame    0x00000000       0x78
 .debug_frame   0x00000000       0x2c main.o
 .debug_frame   0x0000002c       0x4c startup.o
