
Memory Configuration

Name             Origin             Length             Attributes
flash            0x08000000         0x00020000         xr
sram             0x20000000         0x00005000         xrw
*default*        0x00000000         0xffffffff

Linker script and memory map


.text           0x08000000      0x3dc
 *(.vectors*)
 .vectors       0x08000000       0x1c startup.o
                0x08000000                g_p_vectors
 *(.text*)
 .text          0x0800001c       0xa4 alarm_actuator.o
                0x0800001c                ST_Alarm_Actutor_init
                0x08000040                ST_Alarm_Actutor_wating
                0x08000058                ST_Alarm_Actutor_OFF
                0x08000070                ST_Alarm_Actutor_ON
                0x08000088                stop_alarm
                0x080000a4                start_alarm
 .text          0x080000c0       0x68 alarm_monitor.o
                0x080000c0                ST_Alarm_OFF
                0x080000d8                ST_Alarm_ON
                0x0800010c                high_pressure_detected
 .text          0x08000128       0xc4 driver.o
                0x08000128                Delay
                0x0800014a                getPressureVal
                0x08000160                Set_Alarm_actuator
                0x0800019c                GPIO_INITIALIZATION
 .text          0x080001ec       0x84 main.o
                0x080001ec                setup
                0x08000238                main
 .text          0x08000270       0x58 main_alogrithm.o
                0x08000270                ST_Compare_Pressure_value
                0x080002ac                set_pressure_value
 .text          0x080002c8       0x84 pressure_sensor.o
                0x080002c8                ST_Pressure_sensor_init
                0x080002ec                ST_Pressure_sensor_Reading
                0x08000324                ST_Pressure_sensor_Wating
 .text          0x0800034c       0x90 startup.o
                0x0800034c                Reset_Handler
                0x080003d0                UsageFault_Handler
                0x080003d0                MemoryManage_Handler
                0x080003d0                NMI_Handler
                0x080003d0                Default_Handler
                0x080003d0                BusFault_Handler
                0x080003d0                HardFault_Handler
 *(.rodata)
                0x080003dc                _E_text = .

.glue_7         0x080003dc        0x0
 .glue_7        0x080003dc        0x0 linker stubs

.glue_7t        0x080003dc        0x0
 .glue_7t       0x080003dc        0x0 linker stubs

.vfp11_veneer   0x080003dc        0x0
 .vfp11_veneer  0x080003dc        0x0 linker stubs

.v4_bx          0x080003dc        0x0
 .v4_bx         0x080003dc        0x0 linker stubs

.iplt           0x080003dc        0x0
 .iplt          0x080003dc        0x0 alarm_actuator.o

.rel.dyn        0x080003dc        0x0
 .rel.iplt      0x080003dc        0x0 alarm_actuator.o

.data           0x080003dc        0x4
                0x080003dc                _S_data = .
 *(.data*)
 .data          0x080003dc        0x0 alarm_actuator.o
 .data          0x080003dc        0x0 alarm_monitor.o
 .data          0x080003dc        0x0 driver.o
 .data          0x080003dc        0x0 main.o
 .data          0x080003dc        0x4 main_alogrithm.o
                0x080003dc                threshold_val
 .data          0x080003e0        0x0 pressure_sensor.o
 .data          0x080003e0        0x0 startup.o
                0x080003e0                _E_data = .

.igot.plt       0x080003e0        0x0
 .igot.plt      0x080003e0        0x0 alarm_actuator.o

.bss            0x20000000     0x1028
                0x20000000                _S_bss = .
 *(.bss*)
 .bss           0x20000000        0x8 alarm_actuator.o
                0x20000000                Alarm_Actutor_state_id
                0x20000004                Alarm_Actutor_state_ptr
 .bss           0x20000008        0x8 alarm_monitor.o
                0x20000008                Alarm_Monitor_state_id
                0x2000000c                Alarm_Monitor_state_ptr
 .bss           0x20000010        0x0 driver.o
 .bss           0x20000010        0x0 main.o
 .bss           0x20000010        0xc main_alogrithm.o
                0x20000010                Main_Algorithm_state_id
                0x20000014                pressure_value
                0x20000018                Main_Algorithm_state_ptr
 .bss           0x2000001c        0xc pressure_sensor.o
                0x2000001c                Pressure_sensor_state_id
                0x20000020                pressure_sensor_value
                0x20000024                Pressure_sensor_state_ptr
 .bss           0x20000028        0x0 startup.o
                0x20000028                _E_bss = .
                0x20001028                . = (. + 0x1000)
 *fill*         0x20000028     0x1000 
                0x20001028                _stack_top = .
LOAD alarm_actuator.o
LOAD alarm_monitor.o
LOAD driver.o
LOAD main.o
LOAD main_alogrithm.o
LOAD pressure_sensor.o
LOAD startup.o
OUTPUT(Pressure_Detection.elf elf32-littlearm)
LOAD linker stubs

.debug_info     0x00000000      0x8c1
 .debug_info    0x00000000      0x16e alarm_actuator.o
 .debug_info    0x0000016e      0x120 alarm_monitor.o
 .debug_info    0x0000028e      0x112 driver.o
 .debug_info    0x000003a0       0xef main.o
 .debug_info    0x0000048f      0x157 main_alogrithm.o
 .debug_info    0x000005e6      0x139 pressure_sensor.o
 .debug_info    0x0000071f      0x1a2 startup.o

.debug_abbrev   0x00000000      0x52b
 .debug_abbrev  0x00000000       0xaf alarm_actuator.o
 .debug_abbrev  0x000000af       0xaf alarm_monitor.o
 .debug_abbrev  0x0000015e       0xc3 driver.o
 .debug_abbrev  0x00000221       0x84 main.o
 .debug_abbrev  0x000002a5       0xe6 main_alogrithm.o
 .debug_abbrev  0x0000038b       0xc2 pressure_sensor.o
 .debug_abbrev  0x0000044d       0xde startup.o

.debug_loc      0x00000000      0x50c
 .debug_loc     0x00000000      0x138 alarm_actuator.o
 .debug_loc     0x00000138       0x9c alarm_monitor.o
 .debug_loc     0x000001d4      0x140 driver.o
 .debug_loc     0x00000314       0x58 main.o
 .debug_loc     0x0000036c       0x88 main_alogrithm.o
 .debug_loc     0x000003f4       0x9c pressure_sensor.o
 .debug_loc     0x00000490       0x7c startup.o

.debug_aranges  0x00000000       0xe0
 .debug_aranges
                0x00000000       0x20 alarm_actuator.o
 .debug_aranges
                0x00000020       0x20 alarm_monitor.o
 .debug_aranges
                0x00000040       0x20 driver.o
 .debug_aranges
                0x00000060       0x20 main.o
 .debug_aranges
                0x00000080       0x20 main_alogrithm.o
 .debug_aranges
                0x000000a0       0x20 pressure_sensor.o
 .debug_aranges
                0x000000c0       0x20 startup.o

.debug_line     0x00000000      0x5ac
 .debug_line    0x00000000       0x98 alarm_actuator.o
 .debug_line    0x00000098       0x77 alarm_monitor.o
 .debug_line    0x0000010f      0x111 driver.o
 .debug_line    0x00000220       0xc0 main.o
 .debug_line    0x000002e0      0x109 main_alogrithm.o
 .debug_line    0x000003e9       0x85 pressure_sensor.o
 .debug_line    0x0000046e      0x13e startup.o

.debug_str      0x00000000      0x4a5
 .debug_str     0x00000000      0x1b6 alarm_actuator.o
                                0x23a (size before relaxing)
 .debug_str     0x000001b6       0x78 alarm_monitor.o
                                0x1c4 (size before relaxing)
 .debug_str     0x0000022e       0x57 driver.o
                                0x199 (size before relaxing)
 .debug_str     0x00000285       0x45 main.o
                                0x1ae (size before relaxing)
 .debug_str     0x000002ca       0x73 main_alogrithm.o
                                0x1fb (size before relaxing)
 .debug_str     0x0000033d       0xda pressure_sensor.o
                                0x22d (size before relaxing)
 .debug_str     0x00000417       0x8e startup.o
                                0x1d2 (size before relaxing)

.comment        0x00000000       0x49
 .comment       0x00000000       0x49 alarm_actuator.o
                                 0x4a (size before relaxing)
 .comment       0x00000049       0x4a alarm_monitor.o
 .comment       0x00000049       0x4a driver.o
 .comment       0x00000049       0x4a main.o
 .comment       0x00000049       0x4a main_alogrithm.o
 .comment       0x00000049       0x4a pressure_sensor.o
 .comment       0x00000049       0x4a startup.o

.ARM.attributes
                0x00000000       0x2d
 .ARM.attributes
                0x00000000       0x2d alarm_actuator.o
 .ARM.attributes
                0x0000002d       0x2d alarm_monitor.o
 .ARM.attributes
                0x0000005a       0x2d driver.o
 .ARM.attributes
                0x00000087       0x2d main.o
 .ARM.attributes
                0x000000b4       0x2d main_alogrithm.o
 .ARM.attributes
                0x000000e1       0x2d pressure_sensor.o
 .ARM.attributes
                0x0000010e       0x2d startup.o

.debug_frame    0x00000000      0x31c
 .debug_frame   0x00000000       0xc0 alarm_actuator.o
 .debug_frame   0x000000c0       0x68 alarm_monitor.o
 .debug_frame   0x00000128       0xa0 driver.o
 .debug_frame   0x000001c8       0x48 main.o
 .debug_frame   0x00000210       0x54 main_alogrithm.o
 .debug_frame   0x00000264       0x68 pressure_sensor.o
 .debug_frame   0x000002cc       0x50 startup.o
