
Memory Configuration

Name             Origin             Length             Attributes
flash            0x00000000         0x20000000         xr
sram             0x20000000         0x20000000         xrw
*default*        0x00000000         0xffffffff

Linker script and memory map


.text           0x00000000      0x118
 *(.vectors*)
 .vectors       0x00000000       0x1c startup.o
                0x00000000                g_p_vectors
 *(.text*)
 .text          0x0000001c       0x6c main.o
                0x0000001c                main
 .text          0x00000088       0x90 startup.o
                0x00000088                Reset_Handler
                0x0000010c                UsageFault_Handler
                0x0000010c                MemoryManage_Handler
                0x0000010c                NMI_Handler
                0x0000010c                Default_Handler
                0x0000010c                BusFault_Handler
                0x0000010c                HardFault_Handler
 *(.rodata)
                0x00000118                _E_text = .

.glue_7         0x00000118        0x0
 .glue_7        0x00000118        0x0 linker stubs

.glue_7t        0x00000118        0x0
 .glue_7t       0x00000118        0x0 linker stubs

.vfp11_veneer   0x00000118        0x0
 .vfp11_veneer  0x00000118        0x0 linker stubs

.v4_bx          0x00000118        0x0
 .v4_bx         0x00000118        0x0 linker stubs

.iplt           0x00000118        0x0
 .iplt          0x00000118        0x0 startup.o

.rel.dyn        0x00000118        0x0
 .rel.iplt      0x00000118        0x0 startup.o

.data           0x20000000        0x0 load address 0x00000118
                0x20000000                _S_data = .
 *(.data*)
 .data          0x20000000        0x0 main.o
 .data          0x20000000        0x0 startup.o
                0x20000000                _E_data = .

.igot.plt       0x20000000        0x0 load address 0x00000118
 .igot.plt      0x20000000        0x0 startup.o

.bss            0x20000000        0x0 load address 0x00000118
                0x20000000                _S_bss = .
 *(.bss*)
 .bss           0x20000000        0x0 main.o
 .bss           0x20000000        0x0 startup.o
                0x20000000                _E_bss = .
                0x20000000                . = ALIGN (0x4)
                0x20000400                _stack_top = (. + 0x400)
LOAD main.o
LOAD startup.o
OUTPUT(Lab4_cortexM4.elf elf32-littlearm)
LOAD linker stubs

.debug_info     0x00000000      0x254
 .debug_info    0x00000000       0xb2 main.o
 .debug_info    0x000000b2      0x1a2 startup.o

.debug_abbrev   0x00000000      0x14b
 .debug_abbrev  0x00000000       0x6d main.o
 .debug_abbrev  0x0000006d       0xde startup.o

.debug_loc      0x00000000       0xb4
 .debug_loc     0x00000000       0x38 main.o
 .debug_loc     0x00000038       0x7c startup.o

.debug_aranges  0x00000000       0x40
 .debug_aranges
                0x00000000       0x20 main.o
 .debug_aranges
                0x00000020       0x20 startup.o

.debug_line     0x00000000      0x24f
 .debug_line    0x00000000      0x111 main.o
 .debug_line    0x00000111      0x13e startup.o

.debug_str      0x00000000      0x185
 .debug_str     0x00000000       0xf7 main.o
                                0x134 (size before relaxing)
 .debug_str     0x000000f7       0x8e startup.o
                                0x1be (size before relaxing)

.comment        0x00000000       0x49
 .comment       0x00000000       0x49 main.o
                                 0x4a (size before relaxing)
 .comment       0x00000049       0x4a startup.o

.ARM.attributes
                0x00000000       0x2e
 .ARM.attributes
                0x00000000       0x2e main.o
 .ARM.attributes
                0x0000002e       0x2e startup.o

.debug_frame    0x00000000       0x7c
 .debug_frame   0x00000000       0x2c main.o
 .debug_frame   0x0000002c       0x50 startup.o
